[    0.000000] Initializing cgroup subsys cpuset
[    0.000000] Initializing cgroup subsys cpu
[    0.000000] Initializing cgroup subsys cpuacct
[    0.000000] Linux version 4.4.0-210-generic (buildd@lgw01-amd64-009) (gcc version 5.4.0 20160609 (Ubuntu 5.4.0-6ubuntu1~16.04.12) ) #242-Ubuntu SMP Fri Apr 16 09:57:56 UTC 2021 (Ubuntu 4.4.0-210.242-generic 4.4.262)
[    0.000000] Command line: BOOT_IMAGE=/boot/vmlinuz-4.4.0-210-generic root=LABEL=cloudimg-rootfs ro console=tty1 console=ttyS0
[    0.000000] KERNEL supported cpus:
[    0.000000]   Intel GenuineIntel
[    0.000000]   AMD AuthenticAMD
[    0.000000]   Centaur CentaurHauls
[    0.000000] x86/fpu: Legacy x87 FPU detected.
[    0.000000] e820: BIOS-provided physical RAM map:
[    0.000000] BIOS-e820: [mem 0x0000000000000000-0x000000000009fbff] usable
[    0.000000] BIOS-e820: [mem 0x000000000009fc00-0x000000000009ffff] reserved
[    0.000000] BIOS-e820: [mem 0x00000000000f0000-0x00000000000fffff] reserved
[    0.000000] BIOS-e820: [mem 0x0000000000100000-0x000000007ffeffff] usable
[    0.000000] BIOS-e820: [mem 0x000000007fff0000-0x000000007fffffff] ACPI data
[    0.000000] BIOS-e820: [mem 0x00000000fec00000-0x00000000fec00fff] reserved
[    0.000000] BIOS-e820: [mem 0x00000000fee00000-0x00000000fee00fff] reserved
[    0.000000] BIOS-e820: [mem 0x00000000fffc0000-0x00000000ffffffff] reserved
[    0.000000] NX (Execute Disable) protection: active
[    0.000000] SMBIOS 2.5 present.
[    0.000000] Hypervisor detected: KVM
[    0.000000] Kernel/User page tables isolation: disabled
[    0.000000] e820: last_pfn = 0x7fff0 max_arch_pfn = 0x400000000
[    0.000000] MTRR: Disabled
[    0.000000] x86/PAT: MTRRs disabled, skipping PAT initialization too.
[    0.000000] CPU MTRRs all blank - virtualized system.
[    0.000000] x86/PAT: Configuration [0-7]: WB  WT  UC- UC  WB  WT  UC- UC  
[    0.000000] found SMP MP-table at [mem 0x0009fff0-0x0009ffff] mapped at [ffff88000009fff0]
[    0.000000] Scanning 1 areas for low memory corruption
[    0.000000] RAMDISK: [mem 0x362de000-0x37166fff]
[    0.000000] ACPI: Early table checksum verification disabled
[    0.000000] ACPI: RSDP 0x00000000000E0000 000024 (v02 VBOX  )
[    0.000000] ACPI: XSDT 0x000000007FFF0030 00003C (v01 VBOX   VBOXXSDT 00000001 ASL  00000061)
[    0.000000] ACPI: FACP 0x000000007FFF00F0 0000F4 (v04 VBOX   VBOXFACP 00000001 ASL  00000061)
[    0.000000] ACPI: DSDT 0x000000007FFF0470 002325 (v02 VBOX   VBOXBIOS 00000002 INTL 20100528)
[    0.000000] ACPI: FACS 0x000000007FFF0200 000040
[    0.000000] ACPI: FACS 0x000000007FFF0200 000040
[    0.000000] ACPI: APIC 0x000000007FFF0240 000054 (v02 VBOX   VBOXAPIC 00000001 ASL  00000061)
[    0.000000] ACPI: SSDT 0x000000007FFF02A0 0001CC (v01 VBOX   VBOXCPUT 00000002 INTL 20100528)
[    0.000000] No NUMA configuration found
[    0.000000] Faking a node at [mem 0x0000000000000000-0x000000007ffeffff]
[    0.000000] NODE_DATA(0) allocated [mem 0x7ffeb000-0x7ffeffff]
[    0.000000] kvm-clock: Using msrs 4b564d01 and 4b564d00
[    0.000000] kvm-clock: cpu 0, msr 0:7ffe3001, primary cpu clock
[    0.000000] kvm-clock: using sched offset of 4069823021 cycles
[    0.000000] clocksource: kvm-clock: mask: 0xffffffffffffffff max_cycles: 0x1cd42e4dffb, max_idle_ns: 881590591483 ns
[    0.000000] Zone ranges:
[    0.000000]   DMA      [mem 0x0000000000001000-0x0000000000ffffff]
[    0.000000]   DMA32    [mem 0x0000000001000000-0x000000007ffeffff]
[    0.000000]   Normal   empty
[    0.000000]   Device   empty
[    0.000000] Movable zone start for each node
[    0.000000] Early memory node ranges
[    0.000000]   node   0: [mem 0x0000000000001000-0x000000000009efff]
[    0.000000]   node   0: [mem 0x0000000000100000-0x000000007ffeffff]
[    0.000000] Initmem setup node 0 [mem 0x0000000000001000-0x000000007ffeffff]
[    0.000000] ACPI: PM-Timer IO Port: 0x4008
[    0.000000] IOAPIC[0]: apic_id 1, version 32, address 0xfec00000, GSI 0-23
[    0.000000] ACPI: INT_SRC_OVR (bus 0 bus_irq 0 global_irq 2 dfl dfl)
[    0.000000] ACPI: INT_SRC_OVR (bus 0 bus_irq 9 global_irq 9 low level)
[    0.000000] Using ACPI (MADT) for SMP configuration information
[    0.000000] smpboot: Allowing 1 CPUs, 0 hotplug CPUs
[    0.000000] PM: Registered nosave memory: [mem 0x00000000-0x00000fff]
[    0.000000] PM: Registered nosave memory: [mem 0x0009f000-0x0009ffff]
[    0.000000] PM: Registered nosave memory: [mem 0x000a0000-0x000effff]
[    0.000000] PM: Registered nosave memory: [mem 0x000f0000-0x000fffff]
[    0.000000] e820: [mem 0x80000000-0xfebfffff] available for PCI devices
[    0.000000] Booting paravirtualized kernel on KVM
[    0.000000] clocksource: refined-jiffies: mask: 0xffffffff max_cycles: 0xffffffff, max_idle_ns: 7645519600211568 ns
[    0.000000] setup_percpu: NR_CPUS:512 nr_cpumask_bits:512 nr_cpu_ids:1 nr_node_ids:1
[    0.000000] PERCPU: Embedded 33 pages/cpu @ffff88007fc00000 s95192 r8192 d31784 u2097152
[    0.000000] Built 1 zonelists in Node order, mobility grouping on.  Total pages: 515960
[    0.000000] Policy zone: DMA32
[    0.000000] Kernel command line: BOOT_IMAGE=/boot/vmlinuz-4.4.0-210-generic root=LABEL=cloudimg-rootfs ro console=tty1 console=ttyS0
[    0.000000] PID hash table entries: 4096 (order: 3, 32768 bytes)
[    0.000000] Memory: 2030120K/2096696K available (8644K kernel code, 1332K rwdata, 4044K rodata, 1492K init, 1164K bss, 66576K reserved, 0K cma-reserved)
[    0.000000] SLUB: HWalign=64, Order=0-3, MinObjects=0, CPUs=1, Nodes=1
[    0.000000] Hierarchical RCU implementation.
[    0.000000] 	Build-time adjustment of leaf fanout to 64.
[    0.000000] 	RCU restricting CPUs from NR_CPUS=512 to nr_cpu_ids=1.
[    0.000000] RCU: Adjusting geometry for rcu_fanout_leaf=64, nr_cpu_ids=1
[    0.000000] NR_IRQS:33024 nr_irqs:256 16
[    0.000000] Console: colour VGA+ 80x25
[    0.000000] console [tty1] enabled
[    0.000000] console [ttyS0] enabled
[    0.000000] tsc: Detected 2496.010 MHz processor
[    0.653794] Calibrating delay loop (skipped) preset value.. 4992.02 BogoMIPS (lpj=9984040)
[    0.661185] pid_max: default: 32768 minimum: 301
[    0.664581] ACPI: Core revision 20150930
[    0.668764] ACPI: 2 ACPI AML tables successfully acquired and loaded
[    0.674672] Security Framework initialized
[    0.677966] Yama: becoming mindful.
[    0.682094] AppArmor: AppArmor initialized
[    0.686890] Dentry cache hash table entries: 262144 (order: 9, 2097152 bytes)
[    0.703858] Inode-cache hash table entries: 131072 (order: 8, 1048576 bytes)
[    0.717173] Mount-cache hash table entries: 4096 (order: 3, 32768 bytes)
[    0.723975] Mountpoint-cache hash table entries: 4096 (order: 3, 32768 bytes)
[    0.731800] Initializing cgroup subsys io
[    0.735269] Initializing cgroup subsys memory
[    0.739149] Initializing cgroup subsys devices
[    0.743223] Initializing cgroup subsys freezer
[    0.747211] Initializing cgroup subsys net_cls
[    0.750969] Initializing cgroup subsys perf_event
[    0.754930] Initializing cgroup subsys net_prio
[    0.759784] Initializing cgroup subsys hugetlb
[    0.764132] Initializing cgroup subsys pids
[    0.768516] mce: CPU supports 0 MCE banks
[    0.772284] Last level iTLB entries: 4KB 64, 2MB 8, 4MB 8
[    0.776678] Last level dTLB entries: 4KB 64, 2MB 0, 4MB 0, 1GB 4
[    0.780640] Spectre V1 : Mitigation: usercopy/swapgs barriers and __user pointer sanitization
[    0.787115] Spectre V2 : Mitigation: Enhanced IBRS
[    0.790566] Spectre V2 : Spectre v2 / SpectreRSB mitigation: Filling RSB on context switch
[    0.798913] Speculative Store Bypass: Vulnerable
[    0.894988] Freeing SMP alternatives memory: 36K
[    0.934424] ftrace: allocating 32380 entries in 127 pages
[    1.400372] smpboot: APIC(0) Converting physical 0 to logical package 0
[    1.404362] smpboot: Max logical packages: 1
[    1.418654] ..TIMER: vector=0x30 apic1=0 pin1=2 apic2=-1 pin2=-1
[    1.532030] smpboot: CPU0: Intel(R) Core(TM) i5-10300H CPU @ 2.50GHz (family: 0x6, model: 0xa5, stepping: 0x2)
[    1.540069] Performance Events: unsupported p6 CPU model 165 no PMU driver, software events only.
[    1.585352] KVM setup paravirtual spinlock
[    1.590322] x86: Booted up 1 node, 1 CPUs
[    1.593502] smpboot: Total of 1 processors activated (4992.02 BogoMIPS)
[    1.601024] devtmpfs: initialized
[    1.605948] evm: security.selinux
[    1.608616] evm: security.SMACK64
[    1.611352] evm: security.SMACK64EXEC
[    1.614267] evm: security.SMACK64TRANSMUTE
[    1.617837] evm: security.SMACK64MMAP
[    1.620496] evm: security.ima
[    1.622423] evm: security.capability
[    1.625013] clocksource: jiffies: mask: 0xffffffff max_cycles: 0xffffffff, max_idle_ns: 7645041785100000 ns
[    1.631348] futex hash table entries: 256 (order: 2, 16384 bytes)
[    1.636592] pinctrl core: initialized pinctrl subsystem
[    1.640179] RTC time:  1:26:56, date: 07/15/21
[    1.646090] NET: Registered protocol family 16
[    1.649501] cpuidle: using governor ladder
[    1.652203] cpuidle: using governor menu
[    1.655351] PCCT header not found.
[    1.657653] ACPI: bus type PCI registered
[    1.661333] acpiphp: ACPI Hot Plug PCI Controller Driver version: 0.5
[    1.665921] PCI: Using configuration type 1 for base access
[    1.671996] ACPI: Added _OSI(Module Device)
[    1.674885] ACPI: Added _OSI(Processor Device)
[    1.678031] ACPI: Added _OSI(3.0 _SCP Extensions)
[    1.681000] ACPI: Added _OSI(Processor Aggregator Device)
[    1.684899] ACPI: Executed 1 blocks of module-level executable AML code
[    1.691725] ACPI: Interpreter enabled
[    1.694764] ACPI: (supports S0 S5)
[    1.697226] ACPI: Using IOAPIC for interrupt routing
[    1.700570] PCI: Using host bridge windows from ACPI; if necessary, use "pci=nocrs" and report a bug
[    1.711183] ACPI: PCI Root Bridge [PCI0] (domain 0000 [bus 00-ff])
[    1.715990] acpi PNP0A03:00: _OSC: OS supports [ASPM ClockPM Segments MSI]
[    1.720319] acpi PNP0A03:00: _OSC: not requesting OS control; OS requires [ExtendedConfig ASPM ClockPM MSI]
[    1.726671] acpi PNP0A03:00: fail to add MMCONFIG information, can't access extended PCI configuration space under this bridge.
[    1.735496] PCI host bridge to bus 0000:00
[    1.738591] pci_bus 0000:00: root bus resource [io  0x0000-0x0cf7 window]
[    1.743523] pci_bus 0000:00: root bus resource [io  0x0d00-0xffff window]
[    1.748465] pci_bus 0000:00: root bus resource [mem 0x000a0000-0x000bffff window]
[    1.753017] pci_bus 0000:00: root bus resource [mem 0x80000000-0xfdffffff window]
[    1.757338] pci_bus 0000:00: root bus resource [bus 00-ff]
[    1.764344] pci 0000:00:01.1: legacy IDE quirk: reg 0x10: [io  0x01f0-0x01f7]
[    1.768531] pci 0000:00:01.1: legacy IDE quirk: reg 0x14: [io  0x03f6]
[    1.773875] pci 0000:00:01.1: legacy IDE quirk: reg 0x18: [io  0x0170-0x0177]
[    1.779662] pci 0000:00:01.1: legacy IDE quirk: reg 0x1c: [io  0x0376]
[    1.916341] pci 0000:00:07.0: quirk: [io  0x4000-0x403f] claimed by PIIX4 ACPI
[    1.921330] pci 0000:00:07.0: quirk: [io  0x4100-0x410f] claimed by PIIX4 SMB
[    1.932536] ACPI: PCI Interrupt Link [LNKA] (IRQs 5 9 10 *11)
[    1.938439] ACPI: PCI Interrupt Link [LNKB] (IRQs 5 9 *10 11)
[    1.943539] ACPI: PCI Interrupt Link [LNKC] (IRQs 5 *9 10 11)
[    1.948228] ACPI: PCI Interrupt Link [LNKD] (IRQs 5 9 10 *11)
[    1.953825] ACPI: Enabled 2 GPEs in block 00 to 07
[    1.957398] vgaarb: setting as boot device: PCI:0000:00:02.0
[    1.961376] vgaarb: device added: PCI:0000:00:02.0,decodes=io+mem,owns=io+mem,locks=none
[    1.986557] vgaarb: loaded
[    1.989006] vgaarb: bridge control possible 0000:00:02.0
[    1.993339] SCSI subsystem initialized
[    1.996695] ACPI: bus type USB registered
[    1.999881] usbcore: registered new interface driver usbfs
[    2.003904] usbcore: registered new interface driver hub
[    2.008043] usbcore: registered new device driver usb
[    2.011729] PCI: Using ACPI for IRQ routing
[    2.015119] NetLabel: Initializing
[    2.017556] NetLabel:  domain hash size = 128
[    2.020482] NetLabel:  protocols = UNLABELED CIPSOv4
[    2.024520] NetLabel:  unlabeled traffic allowed by default
[    2.028429] amd_nb: Cannot enumerate AMD northbridges
[    2.032198] clocksource: Switched to clocksource kvm-clock
[    2.071131] AppArmor: AppArmor Filesystem Enabled
[    2.075651] pnp: PnP ACPI init
[    2.079625] pnp: PnP ACPI: found 3 devices
[    2.090787] clocksource: acpi_pm: mask: 0xffffff max_cycles: 0xffffff, max_idle_ns: 2085701024 ns
[    2.098426] NET: Registered protocol family 2
[    2.102772] TCP established hash table entries: 16384 (order: 5, 131072 bytes)
[    2.108753] TCP bind hash table entries: 16384 (order: 6, 262144 bytes)
[    2.114287] TCP: Hash tables configured (established 16384 bind 16384)
[    2.118808] UDP hash table entries: 1024 (order: 3, 32768 bytes)
[    2.123472] UDP-Lite hash table entries: 1024 (order: 3, 32768 bytes)
[    2.128110] NET: Registered protocol family 1
[    2.131553] pci 0000:00:00.0: Limiting direct PCI/PCI transfers
[    2.135628] pci 0000:00:01.0: Activating ISA DMA hang workarounds
[    2.140457] Unpacking initramfs...
[    2.570574] Freeing initrd memory: 14884K
[    2.574270] clocksource: tsc: mask: 0xffffffffffffffff max_cycles: 0x23fa80a809f, max_idle_ns: 440795273818 ns
[    2.580650] platform rtc_cmos: registered platform RTC device (no PNP device found)
[    2.585996] Scanning for low memory corruption every 60 seconds
[    2.590461] audit: initializing netlink subsys (disabled)
[    2.594410] audit: type=2000 audit(1626312422.971:1): initialized
[    2.598634] Initialise system trusted keyring
[    2.602175] HugeTLB registered 2 MB page size, pre-allocated 0 pages
[    2.611510] zbud: loaded
[    2.613896] VFS: Disk quotas dquot_6.6.0
[    2.616538] VFS: Dquot-cache hash table entries: 512 (order 0, 4096 bytes)
[    2.621152] squashfs: version 4.0 (2009/01/31) Phillip Lougher
[    2.625301] fuse init (API version 7.23)
[    2.629144] Key type big_key registered
[    2.631576] Allocating IMA MOK and blacklist keyrings.
[    2.636770] Key type asymmetric registered
[    2.639313] Asymmetric key parser 'x509' registered
[    2.642517] Block layer SCSI generic (bsg) driver version 0.4 loaded (major 249)
[    2.647052] io scheduler noop registered
[    2.649671] io scheduler deadline registered (default)
[    2.652848] io scheduler cfq registered
[    2.655185] pci_hotplug: PCI Hot Plug PCI Core version: 0.5
[    2.658648] pciehp: PCI Express Hot Plug Controller Driver version: 0.4
[    2.664049] ACPI: AC Adapter [AC] (on-line)
[    2.667285] input: Power Button as /devices/LNXSYSTM:00/LNXPWRBN:00/input/input0
[    2.672478] ACPI: Power Button [PWRF]
[    2.674740] input: Sleep Button as /devices/LNXSYSTM:00/LNXSLPBN:00/input/input1
[    2.679231] ACPI: Sleep Button [SLPF]
[    2.682396] ACPI: Battery Slot [BAT0] (battery present)
[    2.685570] GHES: HEST is not enabled!
[    2.687815] Serial: 8250/16550 driver, 32 ports, IRQ sharing enabled
[    2.720716] 00:02: ttyS0 at I/O 0x3f8 (irq = 4, base_baud = 115200) is a 16550A
[    2.729477] Linux agpgart interface v0.103
[    2.733815] loop: module loaded
[    2.737331] scsi host0: ata_piix
[    2.739838] scsi host1: ata_piix
[    2.742180] ata1: PATA max UDMA/33 cmd 0x1f0 ctl 0x3f6 bmdma 0xd000 irq 14
[    2.747622] ata2: PATA max UDMA/33 cmd 0x170 ctl 0x376 bmdma 0xd008 irq 15
[    2.753551] libphy: Fixed MDIO Bus: probed
[    2.756097] tun: Universal TUN/TAP device driver, 1.6
[    2.760846] tun: (C) 1999-2004 Max Krasnyansky <maxk@qualcomm.com>
[    2.764934] PPP generic driver version 2.4.2
[    2.768184] ehci_hcd: USB 2.0 'Enhanced' Host Controller (EHCI) Driver
[    2.773363] ehci-pci: EHCI PCI platform driver
[    2.776113] ehci-platform: EHCI generic platform driver
[    2.780224] ohci_hcd: USB 1.1 'Open' Host Controller (OHCI) Driver
[    2.785314] ohci-pci: OHCI PCI platform driver
[    2.788908] ohci-platform: OHCI generic platform driver
[    2.792006] uhci_hcd: USB Universal Host Controller Interface driver
[    2.798605] i8042: PNP: PS/2 Controller [PNP0303:PS2K,PNP0f03:PS2M] at 0x60,0x64 irq 1,12
[    2.807614] serio: i8042 KBD port at 0x60,0x64 irq 1
[    2.811614] serio: i8042 AUX port at 0x60,0x64 irq 12
[    2.815909] mousedev: PS/2 mouse device common for all mice
[    2.821532] input: AT Translated Set 2 keyboard as /devices/platform/i8042/serio0/input/input2
[    2.828575] rtc_cmos rtc_cmos: rtc core: registered rtc_cmos as rtc0
[    2.833598] rtc_cmos rtc_cmos: alarms up to one day, 114 bytes nvram
[    2.837438] i2c /dev entries driver
[    2.839674] device-mapper: uevent: version 1.0.3
[    2.842910] device-mapper: ioctl: 4.34.0-ioctl (2015-10-28) initialised: dm-devel@redhat.com
[    2.848080] ledtrig-cpu: registered to indicate activity on CPUs
[    2.852862] NET: Registered protocol family 10
[    2.855475] NET: Registered protocol family 17
[    2.858276] Key type dns_resolver registered
[    2.862127] registered taskstats version 1
[    2.864841] Loading compiled-in X.509 certificates
[    2.868116] Loaded X.509 cert 'Build time autogenerated kernel key: cf00e047681d67edb2720680708b7d9498083038'
[    2.875315] zswap: loaded using pool lzo/zbud
[    2.879732] Key type trusted registered
[    2.884811] Key type encrypted registered
[    2.887229] AppArmor: AppArmor sha1 policy hashing enabled
[    2.890717] ima: No TPM chip found, activating TPM-bypass!
[    2.894614] ima: Allocated hash algorithm: sha1
[    2.897517] evm: HMAC attrs: 0x1
[    2.899969]   Magic number: 13:609:407
[    2.902900] platform ACPI0003:00: hash matches
[    2.905704] ac ACPI0003:00: hash matches
[    2.908358] rtc_cmos rtc_cmos: setting system clock to 2021-07-15 01:26:57 UTC (1626312417)
[    2.961841] BIOS EDD facility v0.16 2004-Jun-25, 0 devices found
[    2.966466] EDD information not available.
[    2.971890] Freeing unused kernel memory: 1492K
[    2.975890] Write protecting the kernel read-only data: 14336k
[    2.981284] Freeing unused kernel memory: 1584K
[    2.985348] Freeing unused kernel memory: 52K
Loading, please wait...
starting version 229
[    3.004749] random: systemd-udevd: uninitialized urandom read (16 bytes read, 3 bits of entropy available)
[    3.011646] random: udevadm: uninitialized urandom read (16 bytes read, 3 bits of entropy available)
[    3.019237] random: systemd-udevd: uninitialized urandom read (16 bytes read, 3 bits of entropy available)
[    3.027040] random: udevadm: uninitialized urandom read (16 bytes read, 3 bits of entropy available)
[    3.033942] random: systemd-udevd: uninitialized urandom read (16 bytes read, 3 bits of entropy available)
[    3.044406] random: systemd-udevd: uninitialized urandom read (16 bytes read, 3 bits of entropy available)
[    3.055596] random: systemd-udevd: uninitialized urandom read (16 bytes read, 3 bits of entropy available)
[    3.065448] random: udevadm: uninitialized urandom read (16 bytes read, 3 bits of entropy available)
[    3.071040] random: udevadm: uninitialized urandom read (16 bytes read, 3 bits of entropy available)
[    3.077593] random: systemd-udevd: uninitialized urandom read (16 bytes read, 3 bits of entropy available)
[    3.147632] e1000: Intel(R) PRO/1000 Network Driver - version 7.3.21-k8-NAPI
[    3.154497] e1000: Copyright (c) 1999-2006 Intel Corporation.
[    3.163544] Fusion MPT base driver 3.04.20
[    3.167455] Copyright (c) 1999-2008 LSI Corporation
[    3.217428] Fusion MPT SPI Host driver 3.04.20
[    3.424154] input: ImExPS/2 Generic Explorer Mouse as /devices/platform/i8042/serio1/input/input4
[    3.865735] e1000 0000:00:03.0 eth0: (PCI:33MHz:32-bit) 02:0f:93:65:62:e0
[    3.870619] e1000 0000:00:03.0 eth0: Intel(R) PRO/1000 Network Connection
[    3.875864] mptbase: ioc0: Initiating bringup
[    3.942999] ioc0: LSI53C1030 A0: Capabilities={Initiator}
[    4.153834] scsi host2: ioc0: LSI53C1030 A0, FwRev=00000000h, Ports=1, MaxQ=256, IRQ=20
[    4.290068] scsi 2:0:0:0: Direct-Access     VBOX     HARDDISK         1.0  PQ: 0 ANSI: 5
[    4.310563] scsi target2:0:0: Beginning Domain Validation
[    4.324083] scsi target2:0:0: Domain Validation skipping write tests
[    4.330325] scsi target2:0:0: Ending Domain Validation
[    4.334130] scsi target2:0:0: asynchronous
[    4.338574] scsi 2:0:1:0: Direct-Access     VBOX     HARDDISK         1.0  PQ: 0 ANSI: 5
[    4.351617] scsi target2:0:1: Beginning Domain Validation
[    4.428553] scsi target2:0:1: Domain Validation skipping write tests
[    4.433289] scsi target2:0:1: Ending Domain Validation
[    4.451594] scsi target2:0:1: asynchronous
[    4.619124] sd 2:0:0:0: Attached scsi generic sg0 type 0
[    4.624772] sd 2:0:0:0: [sda] 83886080 512-byte logical blocks: (42.9 GB/40.0 GiB)
[    4.630491] sd 2:0:1:0: [sdb] 20480 512-byte logical blocks: (10.5 MB/10.0 MiB)
[    4.634921] sd 2:0:1:0: Attached scsi generic sg1 type 0
[    4.647214] sd 2:0:0:0: [sda] Write Protect is off
[    4.650481] sd 2:0:1:0: [sdb] Write Protect is off
[    4.653974] sd 2:0:0:0: [sda] Incomplete mode parameter data
[    4.657247] sd 2:0:0:0: [sda] Assuming drive cache: write through
[    4.661391] sd 2:0:1:0: [sdb] Incomplete mode parameter data
[    4.669178] sd 2:0:1:0: [sdb] Assuming drive cache: write through
[    4.702075]  sda: sda1
[    4.706608] sd 2:0:1:0: [sdb] Attached SCSI disk
[    4.711544] sd 2:0:0:0: [sda] Attached SCSI disk
[    5.086868] e1000 0000:00:08.0 eth1: (PCI:33MHz:32-bit) 08:00:27:d3:8d:e8
[    5.094759] e1000 0000:00:08.0 eth1: Intel(R) PRO/1000 Network Connection
[    5.100995] e1000 0000:00:08.0 enp0s8: renamed from eth1
[    5.105903] e1000 0000:00:03.0 enp0s3: renamed from eth0
Begin: Loading essential drivers ... [    6.734462] md: linear personality registered for level -1
[    6.741976] md: multipath personality registered for level -4
[    6.748754] md: raid0 personality registered for level 0
[    6.758074] md: raid1 personality registered for level 1
[    6.836429] raid6: sse2x1   gen()  9410 MB/s
[    6.912260] raid6: sse2x1   xor()  6366 MB/s
[    6.985870] raid6: sse2x2   gen() 13505 MB/s
[    7.060263] raid6: sse2x2   xor()  9123 MB/s
[    7.132919] raid6: sse2x4   gen() 14541 MB/s
[    7.208428] raid6: sse2x4   xor()  9240 MB/s
[    7.212298] raid6: using algorithm sse2x4 gen() 14541 MB/s
[    7.216234] raid6: .... xor() 9240 MB/s, rmw enabled
[    7.219622] raid6: using ssse3x2 recovery algorithm
[    7.224888] xor: measuring software checksum speed
[    7.325939]    prefetch64-sse: 51184.000 MB/sec
[    7.432789]    generic_sse: 50306.000 MB/sec
[    7.436436] xor: using function: prefetch64-sse (51184.000 MB/sec)
[    7.441637] async_tx: api initialized (async)
[    7.462537] md: raid6 personality registered for level 6
[    7.467450] md: raid5 personality registered for level 5
[    7.471430] md: raid4 personality registered for level 4
[    7.483070] md: raid10 personality registered for level 10
done.
Begin: Running /scripts/init-premount ... done.
Begin: Mounting root file system ... Begin: Running /scripts/local-top ... done.
Begin: Running /scripts/local-premount ... [    7.551252] Btrfs loaded
Scanning for Btrfs filesystems
done.
Warning: fsck not present, so skipping root file system
[    7.608101] EXT4-fs (sda1): mounted filesystem with ordered data mode. Opts: (null)
done.
Begin: Running /scripts/local-bottom ... done.
Begin: Running /scripts/init-bottom ... done.
[    7.757464] systemd[1]: systemd 229 running in system mode. (+PAM +AUDIT +SELINUX +IMA +APPARMOR +SMACK +SYSVINIT +UTMP +LIBCRYPTSETUP +GCRYPT +GNUTLS +ACL +XZ -LZ4 +SECCOMP +BLKID +ELFUTILS +KMOD -IDN)
[    7.770439] systemd[1]: Detected virtualization oracle.
[    7.773833] systemd[1]: Detected architecture x86-64.

Welcome to [1mUbuntu 16.04.7 LTS[0m!

[    7.784636] systemd[1]: Set hostname to <ubuntu>.
[    7.793689] systemd[1]: Initializing machine ID from random generator.
[    7.798889] systemd[1]: Installed transient /etc/machine-id file.
[    8.010595] systemd[1]: Listening on Journal Socket.
[[0;32m  OK  [0m] Listening on Journal Socket.
[    8.019020] systemd[1]: Listening on udev Control Socket.
[[0;32m  OK  [0m] Listening on udev Control Socket.
[    8.027916] systemd[1]: Listening on LVM2 metadata daemon socket.
[[0;32m  OK  [0m] Listening on LVM2 metadata daemon socket.
[    8.038239] systemd[1]: Listening on udev Kernel Socket.
[[0;32m  OK  [0m] Listening on udev Kernel Socket.
[    8.044908] systemd[1]: Created slice System Slice.
[[0;32m  OK  [0m] Created slice System Slice.
[    8.051359] systemd[1]: Mounting Debug File System...
         Mounting Debug File System...
[    8.065127] systemd[1]: Starting Create list of required static device nodes for the current kernel...
         Starting Create list of required st... nodes for the current kernel...
[    8.080117] systemd[1]: Starting Nameserver information manager...
         Starting Nameserver information manager...
[    8.091386] systemd[1]: Set up automount Arbitrary Executable File Formats File System Automount Point.
[[0;32m  OK  [0m] Set up automount Arbitrary Executab...ats File System Automount Point.
[    8.106423] systemd[1]: Mounting Huge Pages File System...
         Mounting Huge Pages File System...
[    8.116242] systemd[1]: Listening on Journal Socket (/dev/log).
[[0;32m  OK  [0m] Listening on Journal Socket (/dev/log).
[    8.124127] systemd[1]: Created slice system-serial\x2dgetty.slice.
[[0;32m  OK  [0m] Created slice system-serial\x2dgetty.slice.
[    8.132712] systemd[1]: Listening on Device-mapper event daemon FIFOs.
[[0;32m  OK  [0m] Listening on Device-mapper event daemon FIFOs.
[    8.141016] systemd[1]: Starting Set console keymap...
         Starting Set console keymap...
[    8.154330] systemd[1]: Started Trigger resolvconf update for networkd DNS.
[[0;32m  OK  [0m] Started Trigger resolvconf update for networkd DNS.
[    8.171146] systemd[1]: Reached target System Time Synchronized.
[[0;32m  OK  [0m] Reached target System Time Synchronized.
[    8.185162] systemd[1]: Starting Monitoring of LVM2 mirrors, snapshots etc. using dmeventd or progress polling...
         Starting Monitoring of LVM2 mirrors... dmeventd or progress polling...
[    8.216949] systemd[1]: Listening on Syslog Socket.
[[0;32m  OK  [0m] Listening on Syslog Socket.
[    8.240840] systemd[1]: Starting Load Kernel Modules...
         Starting Load Kernel Modules...
[    8.256071] systemd[1]: Listening on /dev/initctl Compatibility Named Pipe.
[[    8.268150] Loading iSCSI transport class v2.0-870.
[0;32m  OK  [0m] Listening on /dev/initctl Compatibility Named Pipe.
[    8.275571] systemd[1]: Listening on LVM2 poll daemon socket.
[[    8.285485] iscsi: registered transport (tcp)
[0;32m  OK  [0m] Listening on LVM2 poll daemon socket.
[    8.293651] systemd[1]: Mounting POSIX Message Queue File System...
         Mounting POSIX Message Queue File System...
[    8.312912] systemd[1]: Started Forward Password Requests to Wall Directory Watch.
[[0;32m  OK  [0m] Started Forward Password Requests to Wall Directory Watch.
[    8.325098] systemd[1]: Reached target Swap.
[[0;32m  OK  [0m] Reached target Swap.
[    8.334961] systemd[1]: Created slice User and Session Slice.
[[0;32m  OK  [0m] Created slice User and Session Slice.
[    8.344945] systemd[1]: Reached target Slices.
[[0;32m  OK  [0m] Reached target Slices.
[    8.355684] iscsi: registered transport (iser)
[    8.360625] systemd[1]: Reached target User and Group Name Lookups.
[[0;32m  OK  [0m] Reached target User and Group Name Lookups.
[    8.370486] systemd[1]: Listening on fsck to fsckd communication Socket.
[[0;32m  OK  [0m] Listening on fsck to fsckd communication Socket.
[    8.385473] systemd[1]: Starting File System Check on Root Device...
         Starting File System Check on Root Device...
[    8.400621] systemd[1]: Reached target Encrypted Volumes.
[[0;32m  OK  [0m] Reached target Encrypted Volumes.
[    8.411542] systemd[1]: Listening on Journal Audit Socket.
[[0;32m  OK  [0m] Listening on Journal Audit Socket.
[    8.425345] systemd[1]: Starting Journal Service...
         Starting Journal Service...
[    8.438355] systemd[1]: Starting Uncomplicated firewall...
         Starting Uncomplicated firewall...
[    8.462257] systemd[1]: Mounted Huge Pages File System.
[[0;32m  OK  [0m] Mounted Huge Pages File System.
[    8.471222] systemd[1]: Mounted Debug File System.
[[0;32m  OK  [0m] Mounted Debug File System.
[    8.479583] systemd[1]: Mounted POSIX Message Queue File System.
[[0;32m  OK  [0m] Mounted POSIX Message Queue File System.
[    8.489918] systemd[1]: Started Journal Service.
[[0;32m  OK  [0m] Started Journal Service.
[[0;32m  OK  [0m] Started Create list of required sta...ce nodes for the current kernel.
[[0;32m  OK  [0m] Started Set console keymap.
[[0;32m  OK  [0m] Started Load Kernel Modules.
[[0;32m  OK  [0m] Started File System Check on Root Device.
[[0;32m  OK  [0m] Started Uncomplicated firewall.
[[0;32m  OK  [0m] Started Nameserver information manager.
[[0;32m  OK  [0m] Started File System Check Daemon to report status.
[[0;32m  OK  [0m] Started LVM2 metadata daemon.
         Starting Remount Root and Kernel File Systems...
[    8.595070] EXT4-fs (sda1): re-mounted. Opts: (null)
         [    8.602517] random: nonblocking pool is initialized
Starting Apply Kernel Variables...
         Mounting FUSE Control File System...
         Starting Create Static Device Nodes in /dev...
[[0;32m  OK  [0m] Mounted FUSE Control File System.
[[0;32m  OK  [0m] Started Remount Root and Kernel File Systems.
[[0;32m  OK  [0m] Started Apply Kernel Variables.
[[0;32m  OK  [0m] Started Create Static Device Nodes in /dev.
         Starting udev Kernel Device Manager...
         Starting udev Coldplug all Devices...
         Starting Flush Journal to Persistent Storage...
         Starting Load/Save Random Seed...
[[0;32m  OK  [0m] Started Load/Save Random Seed.
[[0;32m  OK  [0m] Started Flush Journal to Persistent Storage.
[[0;32m  OK  [0m] Started udev Kernel Device Manager.
[[0;32m  OK  [0m] Started Monitoring of LVM2 mirrors,...ng dmeventd or progress polling.
[[0;32m  OK  [0m] Reached target Local File Systems (Pre).
[[0;32m  OK  [0m] Reached target Local File Systems.
         Starting Create Volatile Files and Directories...
         Starting LSB: AppArmor initialization...
         Starting Set console font and keymap...
         Starting Commit a transient machine-id on disk...
         Starting Tell Plymouth To Write Out Runtime Data...
         Starting Initial cloud-init job (pre-networking)...
[[0;32m  OK  [0m] Started Create Volatile Files and Directories.
[[0;32m  OK  [0m] Started Commit a transient machine-id on disk.
[[0;32m  OK  [0m] Started Tell Plymouth To Write Out Runtime Data.
         Starting Update UTMP about System Boot/Shutdown...
[[0;32m  OK  [0m] Started Update UTMP about System Boot/Shutdown.
[[0;32m  OK  [0m] Started udev Coldplug all Devices.
[[0;32m  OK  [0m] Started Dispatch Password Requests to Console Directory Watch.
[[0;32m  OK  [0m] Found device /dev/ttyS0.
[[0;32m  OK  [0m] Listening on Load/Save RF Kill Switch Status /dev/rfkill Watch.
[   10.778211] cloud-init[486]: Cloud-init v. 21.1-19-gbad84ad4-0ubuntu1~16.04.2 running 'init-local' at Thu, 15 Jul 2021 01:27:05 +0000. Up 10.01 seconds.
[[0;32m  OK  [0m] Started LSB: AppArmor initialization.
         Starting Load AppArmor profiles managed internally by snapd...
[[0;32m  OK  [0m] Started Initial cloud-init job (pre-networking).
[[0;32m  OK  [0m] Started Load AppArmor profiles managed internally by snapd.
[[0;32m  OK  [0m] Reached target Network (Pre).
         Starting Raise network interfaces...
[[0;32m  OK  [0m] Started Set console font and keymap.
[[0;32m  OK  [0m] Created slice system-getty.slice.
[[0;32m  OK  [0m] Started Raise network interfaces.
         Starting Initial cloud-init job (metadata service crawler)...
[[0;32m  OK  [0m] Reached target Network.
[   13.000859] cloud-init[946]: Cloud-init v. 21.1-19-gbad84ad4-0ubuntu1~16.04.2 running 'init' at Thu, 15 Jul 2021 01:27:08 +0000. Up 12.38 seconds.
[   13.018686] cloud-init[946]: ci-info: ++++++++++++++++++++++++++++++++++++++Net device info++++++++++++++++++++++++++++++++++++++
[   13.037789] cloud-init[946]: ci-info: +--------+-------+---------------------------+---------------+--------+-------------------+
[   13.063517] cloud-init[946]: ci-info: | Device |   Up  |          Address          |      Mask     | Scope  |     Hw-Address    |
[   13.079299] cloud-init[946]: ci-info: +--------+-------+---------------------------+---------------+--------+-------------------+
[[0;32m  OK  [0m] Started Initial cloud-init job (metadata service crawler).[   13.100587] cloud-init[946]: ci-info: | enp0s3 |  True |         10.0.2.15         | 255.255.255.0 | global | 02:0f:93:65:62:e0 |
[[0;32m  OK  [0m] Reached target Network is Online.
         
[   13.114126] cloud-init[946]: ci-info: | enp0s3 |  True | fe80::f:93ff:fe65:62e0/64 |       .       |  link  | 02:0f:93:65:62:e0 |
[   13.119950] Starting iSCSI initiator daemon (iscsid)...
cloud-init[946]: ci-info: | enp0s8 | False |             .             |       .       |   .    | 08:00:27:d3:8d:e8 |[[0;32m  OK  [0m] Reached target Cloud-config availability.

[[   13.138307] [0;32m  OK  [0m] Reached target System Initialization.
[cloud-init[946]: ci-info: |   lo   |  True |         127.0.0.1         |   255.0.0.0   |  host  |         .         |[0;32m  OK  [0m] Started Ubuntu Advantage update messaging.
[
[   13.163387] [0;32m  OK  [0m] Started Daily Cleanup of Temporary Directories.
cloud-init[946]: ci-info: |   lo   |  True |          ::1/128          |       .       |  host  |         .         |
         Starting Socket activation for snappy daemon.
[[0;32m  OK  [0m] Listening on UUID daemon activation socket.[   13.176419] cloud-init[946]: ci-info: +--------+-------+---------------------------+---------------+--------+-------------------+
[[0;32m  OK  [0m] 
[   13.190685] cloud-initStarted Message of the Day.
[[0;32m  OK  [0m[946]: ci-info: +++++++++++++++++++++++++++Route IPv4 info++++++++++++++++++++++++++++
[   13.200094] ] Listening on D-Bus System Message Bus Socket.
cloud-init[946]: ci-info: +-------+-------------+----------+---------------+-----------+-------+
[[0;32m  OK  [0m] Started ACPI Events Check.[   13.212919] cloud-init[946]: ci-info: | Route | Destination | Gateway  |    Genmask    | Interface | Flags |
[[0;32m  OK  [0m] Reached target Paths.
[
[   13.225315] cloud-init[946]: ci-info: +-------+-------------+----------+---------------+-----------+-------+[0;32m  OK  [0m
] Started Daily apt download activities.
[[   13.240424] cloud-init[946]: ci-info: |   0   |   0.0.0.0   | 10.0.2.2 |    0.0.0.0    |   enp0s3  |   UG  |[0;32m  OK  [0m] Started Daily apt upgrade and clean activities.

[   13.249618] cloud-init[946]: ci-info: |   1   |   10.0.2.0  | 0.0.0.0  | 255.255.255.0 |   enp0s3  |   U   |[[0;32m  OK  [0m] Reached target Timers.
[[0;32m  OK  [0m
[   13.262157] cloud-init[946]: ci-info: +-------+-------------+----------+---------------+-----------+-------+
[   13.267489] ] Listening on ACPID Listen Socket.
cloud-init         Starting LXD - unix socket.
[946]: ci-info: +++++++++++++++++++Route IPv6 info+++++++++++++++++++
[[0;32m  OK  [0m[   13.284540] cloud-init[946]: ci-info: +-------+-------------+---------+-----------+-------+] Listening on Socket activation for snappy daemon.
[   13.295259] 
[[0;32m  OK  [0mcloud-init] Listening on LXD - unix socket.
[[0;32m  OK  [0m[946]: ci-info: | Route | Destination | Gateway | Interface | Flags |] Reached target Sockets.
[[0;32m  OK  [0m
] Reached target Basic System.[   13.327418] cloud-init[946]: ci-info: +-------+-------------+---------+-----------+-------+

[   13.344398] cloud-init[946]: ci-info: |   0   |  fe80::/64  |    ::   |   enp0s3  |   U   |         Starting Pollinate to seed the pseudo random number generator...

[[0;32m  OK  [0m] Started ACPI event daemon.
[   13.366251] [[0;32m  OK  [0mcloud-init[946]: ] Started Regular background program processing daemon.
ci-info: |   3   |   ff00::/8  |    ::   |   enp0s3  |   U   |[[0;32m  OK  [0m] Started FUSE filesystem for LXC.
         Starting LXD - container startup/shutdown...

         Starting LSB: MD monitoring daemon...
         Starting LSB: Record successful boot for GRUB...
[   13.430378] [[0;32m  OK  [0m] Started Deferred execution scheduler.
         Starting Login Service...
         Starting /etc/rc.local Compatibility...
[[0;32m  OK  [0m] Started D-Bus System Message Bus.
cloud-init[946]: ci-info: +-------+-------------+---------+-----------+-------+
         Starting System Logging Service...
         Starting Accounts Service...
         Starting Virtualbox guest utils...
[   13.521991]          Starting Snap Daemon...
[[0;32m  OK  [0m] Started iSCSI initiator daemon (iscsid).
[[0;32m  OK  [0m] Started /etc/rc.local Compatibility.cloud-init
         Starting Login to default iSCSI targets...
[[0;32m  OK  [0m] Started Login Service.
[[0;32m  OK  [0m] Started Unattended Upgrades Shutdown.
[[0;32m  OK  [0m] Started System Logging Service.
[946]: Generating public/private rsa key pair.[[0;32m  OK  [0m] Started LSB: MD monitoring daemon.
[
[0;32m  OK  [0m] Started Login to default iSCSI targets.
[[0;32m  OK  [0m] Started LSB: Record successful boot for GRUB.
[[0;32m  OK  [0m] [   13.748768] cloud-init[946]: Your identification has been saved in /etc/ssh/ssh_host_rsa_key.Reached target Remote File Systems (Pre).
[[0;32m  OK  [0m] Reached target Remote File Systems.
         Starting Permit User Sessions...
         Starting LSB: daemon to balance interrupts for SMP systems...
         Starting LSB: Set the CPU Frequency Scaling governor to "ondemand"...
         Starting LSB: automatic crash report generation...
[[0;32m  OK  [0m] Started Permit User Sessions.

         Starting Terminate Plymouth Boot Screen...[   13.858533] 
         Starting Hold until boot process finishes up...
[[0;32m  OK  [0m] Started Terminate Plymouth Boot Screen.
[[0;32m  OK  [0m] Started Hold until boot process finishes up.
         Starting Set console scheme...cloud-init
[[0;32m  OK  [0m] Started Serial Getty on ttyS0.
[[0;32m  OK  [0m] Started Getty on tty1.
[[0;32m  OK  [0m] Reached target Login Prompts.
[[0;32m  OK  [0m] [946]: Started Set console scheme.
[[0;32m  OK  [0m] Started LSB: Set the CPU Frequency Scaling governor to "ondemand".
Your public key has been saved in /etc/ssh/ssh_host_rsa_key.pub.
         Starting Authenticate and Authorize Users to Run Privileged Tasks...
[[0;32m  OK  [0m] Started LSB: daemon to balance interrupts for SMP systems.
[   14.052410] [[0;32m  OK  [0m] Started LXD - container startup/shutdown.
cloud-init[946]: The key fingerprint is:[[0;32m  OK  [0m] Started LSB: automatic crash report generation.

[   14.131003] [[0;32m  OK  [0m] Started Authenticate and Authorize Users to Run Privileged Tasks.
[[0;32m  OK  [0m] Started Accounts Service.
cloud-init[946]: SHA256:b0/qQB4x+EIXr0bQRX7d8kxPzZMMd40qIKRdft1wujc root@ubuntu-xenial
[   14.198857] cloud-init[946]: The key's randomart image is:
[   14.246718] cloud-init[946]: +---[RSA 2048]----+
[   14.281220] cloud-init[946]: |     .o.ooo ...oo|
[   14.334802] cloud-init[946]: |     o.=o+ . *=o=|
[   14.382998] cloud-init[946]: |    . +.*.+ +.++*|
[   14.441018] cloud-init[946]: |     . + =.... *o|
[   14.484168] cloud-init[946]: |      . S  .. E +|
[[0;32m  OK  [0m] Started Virtualbox guest utils.
[   14.541960] cloud-init[946]: |       = o   . . |
[   14.568681] cloud-init[946]: |        o o .    |
[   14.598266] cloud-init[946]: |         o +     |
[   14.628809] cloud-init[946]: |         .o .    |
[   14.653034] cloud-init[946]: +----[SHA256]-----+
[   14.693015] cloud-init[946]: Generating public/private dsa key pair.
[   14.720513] cloud-init[946]: Your identification has been saved in /etc/ssh/ssh_host_dsa_key.
[   14.749517] cloud-init[946]: Your public key has been saved in /etc/ssh/ssh_host_dsa_key.pub.
[   14.783710] cloud-init[946]: The key fingerprint is:
[   14.814279] cloud-init[946]: SHA256:C3xaCkLd109s7rfjI6CwiaZJer91snB/d4JN8t/nj8Q root@ubuntu-xenial
[   14.831973] cloud-init[946]: The key's randomart image is:
[[0;32m  OK  [0m] Started Snap Daemon.
         [   14.854461] cloud-init[946]: Starting Wait until snapd is fully seeded...
+---[DSA 1024]----+
[   14.885339] cloud-init[946]: |                 |
[   14.908349] cloud-init[946]: |   . .   . .     |
[   14.934686] cloud-init[946]: |  . . . . . +    |
[   14.950790] cloud-init[946]: | .   . .   =     |
[   14.977467] cloud-init[946]: |  . . o S   o    |
[   14.995183] cloud-init[946]: |   . ..* .o...   |
[   15.019996] cloud-init[946]: |  . ..*+o. B. E  |
[   15.042680] cloud-init[946]: | o..o+o=. o *o++.|
[   15.056822] cloud-init[946]: |..o+o.. .. . *=+*|
[   15.073590] cloud-init[946]: +----[SHA256]-----+
[   15.104362] cloud-init[946]: Generating public/private ecdsa key pair.
[   15.117340] cloud-init[946]: Your identification has been saved in /etc/ssh/ssh_host_ecdsa_key.
[   15.129610] cloud-init[946]: Your public key has been saved in /etc/ssh/ssh_host_ecdsa_key.pub.
[   15.147636] cloud-init[946]: The key fingerprint is:
[   15.164447] cloud-init[946]: SHA256:3N30sh2EWETLJp/72KrXX0pcuBVLd3VuDzjbOvD4Wr4 root@ubuntu-xenial
[   15.187423] cloud-init[946]: The key's randomart image is:
[   15.199406] cloud-init[946]: +---[ECDSA 256]---+
[   15.214086] cloud-init[946]: |            o+  o|
[   15.235370] cloud-init[946]: |            +.o.o|
[   15.248291] cloud-init[946]: |           oo=o+=|
[   15.268407] cloud-init[946]: |       . . .+*+=*|
[   15.284666] cloud-init[946]: |        S o oo=o=|
[   15.303847] cloud-init[946]: |           + o.B.|
[   15.316951] cloud-init[946]: |          . =.* o|
[   15.334477] cloud-init[946]: |           + ++o.|
[   15.360140] cloud-init[946]: |          .oE+ooo|
[   15.375399] cloud-init[946]: +----[SHA256]-----+
[   15.392809] cloud-init[946]: Generating public/private ed25519 key pair.
[   15.406259] cloud-init[946]: Your identification has been saved in /etc/ssh/ssh_host_ed25519_key.
[   15.419815] cloud-init[946]: Your public key has been saved in /etc/ssh/ssh_host_ed25519_key.pub.
[   15.450857] cloud-init[946]: The key fingerprint is:
[[0;32m  OK  [0m] Started Pollinate to seed the pseudo random number generator.[   15.473650] cloud-init
         Starting OpenBSD Secure Shell server...
[946]: SHA256:0eUrB0KWJH6Z3dJOleXgHqxHuUcWHuPSNlZpx7O992Y root@ubuntu-xenial
[   15.501181] cloud-init[946]: [[0;32m  OK  [0m] Started OpenBSD Secure Shell server.
The key's randomart image is:
[   15.537275] cloud-init[946]: +--[ED25519 256]--+
[   15.548469] cloud-init[946]: |      ..+.  . oB+|
[   15.559671] cloud-init[946]: |     . +.= = +=BB|
[   15.571916] cloud-init[946]: |      . * = =.BBO|
[   15.582497] cloud-init[946]: |       . o = =+*o|
[   15.599328] cloud-init[946]: |        S . = + o|
[   15.611898] cloud-init[946]: |           o . o.|
[   15.624296] cloud-init[946]: |                o|
[   15.634954] cloud-init[946]: |                E|
[   15.640822] cloud-init[946]: |               o |
[   15.646412] cloud-init[946]: +----[SHA256]-----+
[[0;32m  OK  [0m] Created slice User Slice of vagrant.
         Starting User Manager for UID 1000...
[[0;32m  OK  [0m] Started Session 1 of user vagrant.
[[0;32m  OK  [0m] Started User Manager for UID 1000.

Ubuntu 16.04.7 LTS ubuntu-xenial ttyS0

ubuntu-xenial login: [   20.665346] cloud-init[1403]: Generating locales (this might take a while)...
[   22.580127] cloud-init[1403]:   en_US.UTF-8... done
[   22.592039] cloud-init[1403]: Generation complete.
[   23.012920] cloud-init[1403]: Cloud-init v. 21.1-19-gbad84ad4-0ubuntu1~16.04.2 running 'modules:config' at Thu, 15 Jul 2021 01:27:16 +0000. Up 20.41 seconds.
ci-info: no authorized SSH keys fingerprints found for user ubuntu.
<14>Jul 15 01:27:19 ec2: 
<14>Jul 15 01:27:19 ec2: #############################################################
<14>Jul 15 01:27:19 ec2: -----BEGIN SSH HOST KEY FINGERPRINTS-----
<14>Jul 15 01:27:19 ec2: 1024 SHA256:C3xaCkLd109s7rfjI6CwiaZJer91snB/d4JN8t/nj8Q root@ubuntu-xenial (DSA)
<14>Jul 15 01:27:19 ec2: 256 SHA256:3N30sh2EWETLJp/72KrXX0pcuBVLd3VuDzjbOvD4Wr4 root@ubuntu-xenial (ECDSA)
<14>Jul 15 01:27:19 ec2: 256 SHA256:0eUrB0KWJH6Z3dJOleXgHqxHuUcWHuPSNlZpx7O992Y root@ubuntu-xenial (ED25519)
<14>Jul 15 01:27:19 ec2: 2048 SHA256:b0/qQB4x+EIXr0bQRX7d8kxPzZMMd40qIKRdft1wujc root@ubuntu-xenial (RSA)
<14>Jul 15 01:27:19 ec2: -----END SSH HOST KEY FINGERPRINTS-----
<14>Jul 15 01:27:19 ec2: #############################################################
-----BEGIN SSH HOST KEY KEYS-----
ecdsa-sha2-nistp256 AAAAE2VjZHNhLXNoYTItbmlzdHAyNTYAAAAIbmlzdHAyNTYAAABBBMXEL7+TjR5weE7KXrC0bfddl7XXhOIMAsvBA3/6UXvzcBH4uOaGzbJdFkM2VN8BZ6J58zweCVsqQxRYnX2/VUY= root@ubuntu-xenial
ssh-ed25519 AAAAC3NzaC1lZDI1NTE5AAAAIE8bcVMQ60on/irV2U6ImUFXWHuLdOAwlJCk9xnFM7M/ root@ubuntu-xenial
ssh-rsa AAAAB3NzaC1yc2EAAAADAQABAAABAQCenEcPIQaZc2ZyTvtEhMaRwi5boZ5MVQaJwuXlGzitFXXlcKX0bV07035ZrQYg56PxNbaeUBeqUxNNNC4Ib0vT1C4wth/gbfhPKK7qQubuBiJBbaMgEX5gd7oNhy5UZ4Um4fLrj3GheFdsSRHEu8L1vD6SLA3Q7BPqp7yEgsN7wA+6aIEEEOvAPm5m0czG1ml9G01XqvByYRsX7nrR/QKpbnLSbLaTgWHiyf/TUdwi8ULpV7pH+Cz61w2n35Q0PjDuU6EbmcDxya5B6AYovqFWUWhICTS7CAS1ApMB9rnZGRaFEtqtAz20Wncob5z1A06ZKKtBHh4D4sKIjpXh6g4T root@ubuntu-xenial
-----END SSH HOST KEY KEYS-----
[   23.687091] cloud-init[1550]: Cloud-init v. 21.1-19-gbad84ad4-0ubuntu1~16.04.2 running 'modules:final' at Thu, 15 Jul 2021 01:27:19 +0000. Up 23.43 seconds.
[   23.709437] cloud-init[1550]: ci-info: no authorized SSH keys fingerprints found for user ubuntu.
[   23.715707] cloud-init[1550]: Cloud-init v. 21.1-19-gbad84ad4-0ubuntu1~16.04.2 finished at Thu, 15 Jul 2021 01:27:19 +0000. Datasource DataSourceNoCloud [seed=/dev/sdb][dsmode=net].  Up 23.68 seconds
